#-----------------------------------------------------------
# Vivado v2016.2 (64-bit)
# SW Build 1577090 on Thu Jun  2 16:32:40 MDT 2016
# IP Build 1577682 on Fri Jun  3 12:00:54 MDT 2016
# Start of session at: Tue May 09 10:48:53 2017
# Process ID: 3220
# Current directory: C:/Users/Haroldo/Documents/Vivado project
# Command line: vivado.exe -gui_launcher_event rodinguilauncherevent9992 C:\Users\Haroldo\Documents\Vivado project\project_I7.xpr
# Log file: C:/Users/Haroldo/Documents/Vivado project/vivado.log
# Journal file: C:/Users/Haroldo/Documents/Vivado project\vivado.jou
#-----------------------------------------------------------
start_gui
open_project {C:/Users/Haroldo/Documents/Vivado project/project_I7.xpr}
update_compile_order -fileset sources_1
import_files -norecurse {C:/Users/Haroldo/Downloads/new/Input.sv C:/Users/Haroldo/Downloads/new/Output.sv}
update_compile_order -fileset sources_1
# Disabling source management mode.  This is to allow the top design properties to be set without GUI intervention.
set_property source_mgmt_mode None [current_project]
set_property top Bloco_de_Controle [current_fileset]
# Re-enabling previously disabled source management mode.
set_property source_mgmt_mode All [current_project]
update_compile_order -fileset sources_1
# Disabling source management mode.  This is to allow the top design properties to be set without GUI intervention.
set_property source_mgmt_mode None [current_project]
set_property top super_top_level [current_fileset]
# Re-enabling previously disabled source management mode.
set_property source_mgmt_mode All [current_project]
update_compile_order -fileset sources_1
synth_design -rtl -name rtl_1
update_compile_order -fileset sources_1
synth_design -rtl -name rtl_1
update_compile_order -fileset sources_1
synth_design -rtl -name rtl_1
synth_design -rtl -name rtl_1
synth_design -rtl -name rtl_1
close_design
synth_design -rtl -name rtl_1
refresh_design
refresh_design
